{
    "Container": {
        "Color": "faded blue"
    },
    "Contents": {
        "Rules": []
    }
}