[
    [
        {
            "Value": "light"
        },
        {
            "Value": "red"
        },
        {
            "Type": "bags"
        },
        {
            "Op": "contain"
        },
        {
            "Value": 1
        },
        {
            "Value": "bright"
        },
        {
            "Value": "white"
        },
        {
            "Type": "bag"
        },
        {},
        {
            "Value": 2
        },
        {
            "Value": "muted"
        },
        {
            "Value": "yellow"
        },
        {
            "Type": "bags"
        }
    ]
]