[
    {
        "Container": {
            "Color": "light red"
        },
        "Contents": {
            "Rules": [
                {
                    "Amount": 1,
                    "Bag": {
                        "Color": "bright white"
                    }
                },
                {
                    "Amount": 2,
                    "Bag": {
                        "Color": "muted yellow"
                    }
                }
            ]
        }
    },
    {
        "Container": {
            "Color": "dark orange"
        },
        "Contents": {
            "Rules": [
                {
                    "Amount": 3,
                    "Bag": {
                        "Color": "bright white"
                    }
                },
                {
                    "Amount": 4,
                    "Bag": {
                        "Color": "muted yellow"
                    }
                }
            ]
        }
    },
    {
        "Container": {
            "Color": "bright white"
        },
        "Contents": {
            "Rules": [
                {
                    "Amount": 1,
                    "Bag": {
                        "Color": "shiny gold"
                    }
                }
            ]
        }
    },
    {
        "Container": {
            "Color": "muted yellow"
        },
        "Contents": {
            "Rules": [
                {
                    "Amount": 2,
                    "Bag": {
                        "Color": "shiny gold"
                    }
                },
                {
                    "Amount": 9,
                    "Bag": {
                        "Color": "faded blue"
                    }
                }
            ]
        }
    },
    {
        "Container": {
            "Color": "shiny gold"
        },
        "Contents": {
            "Rules": [
                {
                    "Amount": 1,
                    "Bag": {
                        "Color": "dark olive"
                    }
                },
                {
                    "Amount": 2,
                    "Bag": {
                        "Color": "vibrant plum"
                    }
                }
            ]
        }
    },
    {
        "Container": {
            "Color": "dark olive"
        },
        "Contents": {
            "Rules": [
                {
                    "Amount": 3,
                    "Bag": {
                        "Color": "faded blue"
                    }
                },
                {
                    "Amount": 4,
                    "Bag": {
                        "Color": "dotted black"
                    }
                }
            ]
        }
    },
    {
        "Container": {
            "Color": "vibrant plum"
        },
        "Contents": {
            "Rules": [
                {
                    "Amount": 5,
                    "Bag": {
                        "Color": "faded blue"
                    }
                },
                {
                    "Amount": 6,
                    "Bag": {
                        "Color": "dotted black"
                    }
                }
            ]
        }
    },
    {
        "Container": {
            "Color": "faded blue"
        },
        "Contents": {
            "Rules": []
        }
    },
    {
        "Container": {
            "Color": "dotted black"
        },
        "Contents": {
            "Rules": []
        }
    }
]