{
    "Container": {
        "Color": "light red"
    },
    "Contents": {
        "Rules": [
            {
                "Amount": 1,
                "Bag": {
                    "Color": "bright white"
                }
            },
            {
                "Amount": 2,
                "Bag": {
                    "Color": "muted yellow"
                }
            }
        ]
    }
}